4 != 0 &^ 34 == 5
4 & 5
4 != 0 |% 34 == 5
4 | 5
3 $ 7
4 @^ 5
"ontsjahoesu
/* oerchaoegu
j(1,)
a(3,3
()
(((((((((((((((((((()))))))))))))))
3 +
3 - -
4++
c++ +
c + ++
c!
